// Jest Snapshot v1, https://goo.gl/fbAQLP

exports[`NotFound testing Match Snapshot 1`] = `
<main
  className="container--notfound"
>
  <h1>
    404
  </h1>
  <h2>
    Error
  </h2>
  <h3>
    Page Not Found
  </h3>
</main>
`;
