// Jest Snapshot v1, https://goo.gl/fbAQLP

exports[`MessageError testing Match Snapshot 1`] = `
<div
  className="form__message-error"
>
  <figure>
    <img
      alt="Error Message Login"
      src="test-file-stubs"
    />
  </figure>
  <p>
    Usuario/Contrase√±a invalido! 
  </p>
</div>
`;
